// Jest Snapshot v1, https://goo.gl/fbAQLP

exports[`App should render correctly in "debug" mode 1`] = `
<div>
  <h1>
    Webpack + React setup
  </h1>
</div>
`;
